]0;/home/paterno/Dropbox/Ciência/Docência/Cursos de Pós-Graduação/Gráficos Científicos no R_UFJF_2018/livro_disciplina/guia_ggplot2]0;paterno@paterno: ~/Dropbox/Ciência/Docência/Cursos de Pós-Graduação/Gráficos Científicos no R_UFJF_2018/livro_disciplina/guia_ggplot2[01;32mpaterno@paterno[00m:[01;34m~/Dropbox/Ciência/Docência/Cursos de Pós-Graduação/Gráficos Científicos[K  no R_UFJF_2018/livro_disciplina/guia_ggplot2[00m$ [K[A]0;paterno@paterno: ~/Dropbox/Ciência/Docência/Cursos de Pós-Graduação/Gráficos Científicos no R_UFJF_2018/livro_disciplina/guia_ggplot2[01;32mpaterno@paterno[00m:[01;34m~/Dropbox/Ciência/Docência/Cursos de Pós-Graduação/Gráficos Científicos no R_UFJF_2018/livro__disciplina/guia_ggplot2[00m$ git add _book && git commit -m "Initial dist subtree commit"
On branch master
Your branch is up to date with 'origin/master'.

Changes not staged for commit:
	[31mmodified:   .Rproj.user/B53A1D36/console06/INDEX001[m

Untracked files:
	[31m.Rproj.user/B53A1D36/console06/1ADFA560[m

no changes added to commit
]0;/home/paterno/Dropbox/Ciência/Docência/Cursos de Pós-Graduação/Gráficos Científicos no R_UFJF_2018/livro_disciplina/guia_ggplot2]0;paterno@paterno: ~/Dropbox/Ciência/Docência/Cursos de Pós-Graduação/Gráficos Científicos no R_UFJF_2018/livro_disciplina/guia_ggplot2[01;32mpaterno@paterno[00m:[01;34m~/Dropbox/Ciência/Docência/Cursos de Pós-Graduação/Gráficos Científicos no R_UFJF_2018/livro__disciplina/guia_ggplot2[00m$ git add _book && git commit -m "Initial dist subtree commit"
On branch master
Your branch is up to date with 'origin/master'.

Changes not staged for commit:
	[31mmodified:   .Rproj.user/B53A1D36/console06/1ADFA560[m

no changes added to commit
]0;/home/paterno/Dropbox/Ciência/Docência/Cursos de Pós-Graduação/Gráficos Científicos no R_UFJF_2018/livro_disciplina/guia_ggplot2]0;paterno@paterno: ~/Dropbox/Ciência/Docência/Cursos de Pós-Graduação/Gráficos Científicos no R_UFJF_2018/livro_disciplina/guia_ggplot2[01;32mpaterno@paterno[00m:[01;34m~/Dropbox/Ciência/Docência/Cursos de Pós-Graduação/Gráficos Científicos no R_UFJF_2018/livro__disciplina/guia_ggplot2[00m$ git add _book && git commit -m "Initial dist subtree commit"
On branch master
Your branch is up to date with 'origin/master'.

Changes not staged for commit:
	[31mmodified:   .Rproj.user/B53A1D36/console06/1ADFA560[m

no changes added to commit
]0;/home/paterno/Dropbox/Ciência/Docência/Cursos de Pós-Graduação/Gráficos Científicos no R_UFJF_2018/livro_disciplina/guia_ggplot2]0;paterno@paterno: ~/Dropbox/Ciência/Docência/Cursos de Pós-Graduação/Gráficos Científicos no R_UFJF_2018/livro_disciplina/guia_ggplot2[01;32mpaterno@paterno[00m:[01;34m~/Dropbox/Ciência/Docência/Cursos de Pós-Graduação/Gráficos Científicos no R_UFJF_2018/livro__disciplina/guia_ggplot2[00m$ [K[A]0;paterno@paterno: ~/Dropbox/Ciência/Docência/Cursos de Pós-Graduação/Gráficos Científicos no R_UFJF_2018/livro_disciplina/guia_ggplot2[01;32mpaterno@paterno[00m:[01;34m~/Dropbox/Ciência/Docência/Cursos de Pós-Graduação/Gráficos Científicos no R_UFJF_2018/livro__disciplina/guia_ggplot2[00m$ 